

================================================================
== Vitis HLS Report for 'detectFaces_Pipeline_VITIS_LOOP_2850_1'
================================================================
* Date:           Wed Sep  4 13:52:08 2024

* Version:        2023.2 (Build 4023990 on Oct 11 2023)
* Project:        face_detection
* Solution:       solution1 (Vivado IP Flow Target)
* Product family: artix7
* Target device:  xc7a50ti-csg324-1L


================================================================
== Performance Estimates
================================================================
+ Timing: 
    * Summary: 
    +--------+----------+----------+------------+
    |  Clock |  Target  | Estimated| Uncertainty|
    +--------+----------+----------+------------+
    |ap_clk  |  10.00 ns|  6.514 ns|     2.70 ns|
    +--------+----------+----------+------------+

+ Latency: 
    * Summary: 
    +---------+---------+----------+----------+-----+-----+---------+
    |  Latency (cycles) |  Latency (absolute) |  Interval | Pipeline|
    |   min   |   max   |    min   |    max   | min | max |   Type  |
    +---------+---------+----------+----------+-----+-----+---------+
    |      322|      322|  3.220 us|  3.220 us|  322|  322|       no|
    +---------+---------+----------+----------+-----+-----+---------+

    + Detail: 
        * Instance: 
        N/A

        * Loop: 
        +---------------------+---------+---------+----------+-----------+-----------+------+----------+
        |                     |  Latency (cycles) | Iteration|  Initiation Interval  | Trip |          |
        |      Loop Name      |   min   |   max   |  Latency |  achieved |   target  | Count| Pipelined|
        +---------------------+---------+---------+----------+-----------+-----------+------+----------+
        |- VITIS_LOOP_2850_1  |      320|      320|         2|          1|          1|   320|       yes|
        +---------------------+---------+---------+----------+-----------+-----------+------+----------+



================================================================
== Utilization Estimates
================================================================
* Summary: 
+-----------------+---------+-----+-------+-------+-----+
|       Name      | BRAM_18K| DSP |   FF  |  LUT  | URAM|
+-----------------+---------+-----+-------+-------+-----+
|DSP              |        -|    -|      -|      -|    -|
|Expression       |        -|    -|      0|     58|    -|
|FIFO             |        -|    -|      -|      -|    -|
|Instance         |        -|    -|      -|      -|    -|
|Memory           |        -|    -|      -|      -|    -|
|Multiplexer      |        -|    -|      -|     36|    -|
|Register         |        -|    -|     21|      -|    -|
+-----------------+---------+-----+-------+-------+-----+
|Total            |        0|    0|     21|     94|    0|
+-----------------+---------+-----+-------+-------+-----+
|Available        |      150|  120|  65200|  32600|    0|
+-----------------+---------+-----+-------+-------+-----+
|Utilization (%)  |        0|    0|     ~0|     ~0|    0|
+-----------------+---------+-----+-------+-------+-----+

+ Detail: 
    * Instance: 
    N/A

    * DSP: 
    N/A

    * Memory: 
    N/A

    * FIFO: 
    N/A

    * Expression: 
    +------------------------+----------+----+---+----+------------+------------+
    |      Variable Name     | Operation| DSP| FF| LUT| Bitwidth P0| Bitwidth P1|
    +------------------------+----------+----+---+----+------------+------------+
    |add_ln2850_fu_89_p2     |         +|   0|  0|  16|           9|           1|
    |add_ln2851_1_fu_108_p2  |         +|   0|  0|  24|          17|          17|
    |icmp_ln2850_fu_83_p2    |      icmp|   0|  0|  16|           9|           9|
    |ap_enable_pp0           |       xor|   0|  0|   2|           1|           2|
    +------------------------+----------+----+---+----+------------+------------+
    |Total                   |          |   0|  0|  58|          36|          29|
    +------------------------+----------+----+---+----+------------+------------+

    * Multiplexer: 
    +-------------------------+----+-----------+-----+-----------+
    |           Name          | LUT| Input Size| Bits| Total Bits|
    +-------------------------+----+-----------+-----+-----------+
    |ap_done_int              |   9|          2|    1|          2|
    |ap_enable_reg_pp0_iter1  |   9|          2|    1|          2|
    |ap_sig_allocacmp_j_3     |   9|          2|    9|         18|
    |j_fu_38                  |   9|          2|    9|         18|
    +-------------------------+----+-----------+-----+-----------+
    |Total                    |  36|          8|   20|         40|
    +-------------------------+----+-----------+-----+-----------+

    * Register: 
    +-------------------------+---+----+-----+-----------+
    |           Name          | FF| LUT| Bits| Const Bits|
    +-------------------------+---+----+-----+-----------+
    |ap_CS_fsm                |  1|   0|    1|          0|
    |ap_done_reg              |  1|   0|    1|          0|
    |ap_enable_reg_pp0_iter1  |  1|   0|    1|          0|
    |j_3_reg_130              |  9|   0|    9|          0|
    |j_fu_38                  |  9|   0|    9|          0|
    +-------------------------+---+----+-----+-----------+
    |Total                    | 21|   0|   21|          0|
    +-------------------------+---+----+-----+-----------+



================================================================
== Interface
================================================================
* Summary: 
+-----------------+-----+-----+------------+----------------------------------------+--------------+
|    RTL Ports    | Dir | Bits|  Protocol  |              Source Object             |    C Type    |
+-----------------+-----+-----+------------+----------------------------------------+--------------+
|ap_clk           |   in|    1|  ap_ctrl_hs|  detectFaces_Pipeline_VITIS_LOOP_2850_1|  return value|
|ap_rst           |   in|    1|  ap_ctrl_hs|  detectFaces_Pipeline_VITIS_LOOP_2850_1|  return value|
|ap_start         |   in|    1|  ap_ctrl_hs|  detectFaces_Pipeline_VITIS_LOOP_2850_1|  return value|
|ap_done          |  out|    1|  ap_ctrl_hs|  detectFaces_Pipeline_VITIS_LOOP_2850_1|  return value|
|ap_idle          |  out|    1|  ap_ctrl_hs|  detectFaces_Pipeline_VITIS_LOOP_2850_1|  return value|
|ap_ready         |  out|    1|  ap_ctrl_hs|  detectFaces_Pipeline_VITIS_LOOP_2850_1|  return value|
|add_ln2851       |   in|   17|     ap_none|                              add_ln2851|        scalar|
|inData_address0  |  out|    9|   ap_memory|                                  inData|         array|
|inData_ce0       |  out|    1|   ap_memory|                                  inData|         array|
|inData_q0        |   in|    8|   ap_memory|                                  inData|         array|
|Data_address0    |  out|   17|   ap_memory|                                    Data|         array|
|Data_ce0         |  out|    1|   ap_memory|                                    Data|         array|
|Data_we0         |  out|    1|   ap_memory|                                    Data|         array|
|Data_d0          |  out|    8|   ap_memory|                                    Data|         array|
+-----------------+-----+-----+------------+----------------------------------------+--------------+

