

================================================================
== Vitis HLS Report for 'detectFaces_Pipeline_imageScalerL1_imageScalerL1_1'
================================================================
* Date:           Wed Sep  4 13:52:08 2024

* Version:        2023.2 (Build 4023990 on Oct 11 2023)
* Project:        face_detection
* Solution:       solution1 (Vivado IP Flow Target)
* Product family: artix7
* Target device:  xc7a50ti-csg324-1L


================================================================
== Performance Estimates
================================================================
+ Timing: 
    * Summary: 
    +--------+----------+----------+------------+
    |  Clock |  Target  | Estimated| Uncertainty|
    +--------+----------+----------+------------+
    |ap_clk  |  10.00 ns|  8.542 ns|     2.70 ns|
    +--------+----------+----------+------------+

+ Latency: 
    * Summary: 
    +---------+---------+----------+----------+-------+-------+---------+
    |  Latency (cycles) |  Latency (absolute) |    Interval   | Pipeline|
    |   min   |   max   |    min   |    max   |  min  |  max  |   Type  |
    +---------+---------+----------+----------+-------+-------+---------+
    |    76806|    76806|  0.768 ms|  0.768 ms|  76806|  76806|       no|
    +---------+---------+----------+----------+-------+-------+---------+

    + Detail: 
        * Instance: 
        N/A

        * Loop: 
        +---------------------------------+---------+---------+----------+-----------+-----------+-------+----------+
        |                                 |  Latency (cycles) | Iteration|  Initiation Interval  |  Trip |          |
        |            Loop Name            |   min   |   max   |  Latency |  achieved |   target  | Count | Pipelined|
        +---------------------------------+---------+---------+----------+-----------+-----------+-------+----------+
        |- imageScalerL1_imageScalerL1_1  |    76804|    76804|         6|          1|          1|  76800|       yes|
        +---------------------------------+---------+---------+----------+-----------+-----------+-------+----------+



================================================================
== Utilization Estimates
================================================================
* Summary: 
+-----------------+---------+-----+-------+-------+-----+
|       Name      | BRAM_18K| DSP |   FF  |  LUT  | URAM|
+-----------------+---------+-----+-------+-------+-----+
|DSP              |        -|    -|      -|      -|    -|
|Expression       |        -|    -|      0|    280|    -|
|FIFO             |        -|    -|      -|      -|    -|
|Instance         |        -|    3|    141|    152|    -|
|Memory           |        -|    -|      -|      -|    -|
|Multiplexer      |        -|    -|      -|     63|    -|
|Register         |        -|    -|    340|     96|    -|
+-----------------+---------+-----+-------+-------+-----+
|Total            |        0|    3|    481|    591|    0|
+-----------------+---------+-----+-------+-------+-----+
|Available        |      150|  120|  65200|  32600|    0|
+-----------------+---------+-----+-------+-------+-----+
|Utilization (%)  |        0|    2|     ~0|      1|    0|
+-----------------+---------+-----+-------+-------+-----+

+ Detail: 
    * Instance: 
    +-----------------------+--------------------+---------+----+-----+-----+-----+
    |        Instance       |       Module       | BRAM_18K| DSP|  FF | LUT | URAM|
    +-----------------------+--------------------+---------+----+-----+-----+-----+
    |mul_8ns_24s_24_1_1_U5  |mul_8ns_24s_24_1_1  |        0|   1|    0|   40|    0|
    |mul_9ns_28s_32_3_1_U4  |mul_9ns_28s_32_3_1  |        0|   2|  141|  112|    0|
    +-----------------------+--------------------+---------+----+-----+-----+-----+
    |Total                  |                    |        0|   3|  141|  152|    0|
    +-----------------------+--------------------+---------+----+-----+-----+-----+

    * DSP: 
    N/A

    * Memory: 
    N/A

    * FIFO: 
    N/A

    * Expression: 
    +-------------------------+----------+----+---+----+------------+------------+
    |      Variable Name      | Operation| DSP| FF| LUT| Bitwidth P0| Bitwidth P1|
    +-------------------------+----------+----+---+----+------------+------------+
    |add_ln3420_1_fu_166_p2   |         +|   0|  0|  24|          17|           1|
    |add_ln3420_fu_208_p2     |         +|   0|  0|  15|           8|           1|
    |add_ln3421_fu_189_p2     |         +|   0|  0|  16|           9|           1|
    |add_ln3424_1_fu_302_p2   |         +|   0|  0|  24|          17|          17|
    |add_ln3424_2_fu_349_p2   |         +|   0|  0|  17|          17|          17|
    |add_ln3424_3_fu_363_p2   |         +|   0|  0|  24|          17|          17|
    |add_ln3424_fu_340_p2     |         +|   0|  0|  17|          17|          17|
    |icmp_ln3420_fu_160_p2    |      icmp|   0|  0|  24|          17|          17|
    |icmp_ln3421_fu_175_p2    |      icmp|   0|  0|  16|           9|           9|
    |icmp_ln3423_fu_240_p2    |      icmp|   0|  0|  39|          32|          32|
    |slt_fu_225_p2            |      icmp|   0|  0|  39|          32|          32|
    |or_ln3423_fu_251_p2      |        or|   0|  0|   2|           1|           1|
    |select_ln3408_fu_181_p3  |    select|   0|  0|   9|           1|           1|
    |select_ln3420_fu_214_p3  |    select|   0|  0|   8|           1|           8|
    |ap_enable_pp0            |       xor|   0|  0|   2|           1|           2|
    |rev_fu_230_p2            |       xor|   0|  0|   2|           1|           2|
    |xor_ln3423_fu_245_p2     |       xor|   0|  0|   2|           1|           2|
    +-------------------------+----------+----+---+----+------------+------------+
    |Total                    |          |   0|  0| 280|         198|         177|
    +-------------------------+----------+----+---+----+------------+------------+

    * Multiplexer: 
    +--------------------------------------+----+-----------+-----+-----------+
    |                 Name                 | LUT| Input Size| Bits| Total Bits|
    +--------------------------------------+----+-----------+-----+-----------+
    |ap_done_int                           |   9|          2|    1|          2|
    |ap_enable_reg_pp0_iter1               |   9|          2|    1|          2|
    |ap_sig_allocacmp_indvar_flatten_load  |   9|          2|   17|         34|
    |ap_sig_allocacmp_j_2_load             |   9|          2|    9|         18|
    |i_fu_76                               |   9|          2|    8|         16|
    |indvar_flatten_fu_80                  |   9|          2|   17|         34|
    |j_2_fu_72                             |   9|          2|    9|         18|
    +--------------------------------------+----+-----------+-----+-----------+
    |Total                                 |  63|         14|   62|        124|
    +--------------------------------------+----+-----------+-----+-----------+

    * Register: 
    +----------------------------------+----+----+-----+-----------+
    |               Name               | FF | LUT| Bits| Const Bits|
    +----------------------------------+----+----+-----+-----------+
    |IMG1_data_addr_reg_461            |  17|   0|   17|          0|
    |add_ln3424_1_reg_451              |  11|   0|   17|          6|
    |ap_CS_fsm                         |   1|   0|    1|          0|
    |ap_done_reg                       |   1|   0|    1|          0|
    |ap_enable_reg_pp0_iter1           |   1|   0|    1|          0|
    |ap_enable_reg_pp0_iter2           |   1|   0|    1|          0|
    |ap_enable_reg_pp0_iter3           |   1|   0|    1|          0|
    |ap_enable_reg_pp0_iter4           |   1|   0|    1|          0|
    |ap_enable_reg_pp0_iter5           |   1|   0|    1|          0|
    |ap_loop_exit_ready_pp0_iter1_reg  |   1|   0|    1|          0|
    |ap_loop_exit_ready_pp0_iter2_reg  |   1|   0|    1|          0|
    |ap_loop_exit_ready_pp0_iter3_reg  |   1|   0|    1|          0|
    |ap_loop_exit_ready_pp0_iter4_reg  |   1|   0|    1|          0|
    |i_fu_76                           |   8|   0|    8|          0|
    |icmp_ln3421_reg_418               |   1|   0|    1|          0|
    |indvar_flatten_fu_80              |  17|   0|   17|          0|
    |j_2_fu_72                         |   9|   0|    9|          0|
    |or_ln3423_reg_441                 |   1|   0|    1|          0|
    |select_ln3408_reg_423             |   9|   0|    9|          0|
    |select_ln3420_reg_429             |   8|   0|    8|          0|
    |sext_ln3417_1_cast_reg_409        |  32|   0|   32|          0|
    |tmp_25_reg_445                    |   8|   0|    8|          0|
    |trunc_ln6_reg_456                 |  16|   0|   16|          0|
    |or_ln3423_reg_441                 |  64|  32|    1|          0|
    |select_ln3408_reg_423             |  64|  32|    9|          0|
    |select_ln3420_reg_429             |  64|  32|    8|          0|
    +----------------------------------+----+----+-----+-----------+
    |Total                             | 340|  96|  172|          6|
    +----------------------------------+----+----+-----+-----------+



================================================================
== Interface
================================================================
* Summary: 
+--------------------+-----+-----+------------+----------------------------------------------------+--------------+
|      RTL Ports     | Dir | Bits|  Protocol  |                    Source Object                   |    C Type    |
+--------------------+-----+-----+------------+----------------------------------------------------+--------------+
|ap_clk              |   in|    1|  ap_ctrl_hs|  detectFaces_Pipeline_imageScalerL1_imageScalerL1_1|  return value|
|ap_rst              |   in|    1|  ap_ctrl_hs|  detectFaces_Pipeline_imageScalerL1_imageScalerL1_1|  return value|
|ap_start            |   in|    1|  ap_ctrl_hs|  detectFaces_Pipeline_imageScalerL1_imageScalerL1_1|  return value|
|ap_done             |  out|    1|  ap_ctrl_hs|  detectFaces_Pipeline_imageScalerL1_imageScalerL1_1|  return value|
|ap_idle             |  out|    1|  ap_ctrl_hs|  detectFaces_Pipeline_imageScalerL1_imageScalerL1_1|  return value|
|ap_ready            |  out|    1|  ap_ctrl_hs|  detectFaces_Pipeline_imageScalerL1_imageScalerL1_1|  return value|
|y_ratio             |   in|   24|     ap_none|                                             y_ratio|        scalar|
|result_16           |   in|   32|     ap_none|                                           result_16|        scalar|
|IMG1_data_address0  |  out|   17|   ap_memory|                                           IMG1_data|         array|
|IMG1_data_ce0       |  out|    1|   ap_memory|                                           IMG1_data|         array|
|IMG1_data_we0       |  out|    1|   ap_memory|                                           IMG1_data|         array|
|IMG1_data_d0        |  out|    8|   ap_memory|                                           IMG1_data|         array|
|result_15           |   in|   32|     ap_none|                                           result_15|        scalar|
|sext_ln3417_1       |   in|   28|     ap_none|                                       sext_ln3417_1|        scalar|
|Data_address0       |  out|   17|   ap_memory|                                                Data|         array|
|Data_ce0            |  out|    1|   ap_memory|                                                Data|         array|
|Data_q0             |   in|    8|   ap_memory|                                                Data|         array|
+--------------------+-----+-----+------------+----------------------------------------------------+--------------+

